// Jest Snapshot v1, https://goo.gl/fbAQLP

exports[`SocialInfo Component should render SocialInfo Component 1`] = `
<Container
  fluid={false}
>
  <div
    className="socialPreview"
  >
    <img
      alt="icon"
      className="socialIcon"
      src="google-avatar.png"
    />
    <h2>
      Social network name
    </h2>
  </div>
  <Row
    className="form justify-content-center"
    noGutters={false}
  >
    <Col
      xs={5}
    >
      <FormGroup>
        <FormLabel
          column={false}
          srOnly={false}
        >
          Social Name
        </FormLabel>
        <FormControl
          defaultValue="sadasdsadsad"
          readOnly={true}
          type="text"
        />
      </FormGroup>
      <FormGroup>
        <FormLabel
          column={false}
          srOnly={false}
        >
          Client ID
        </FormLabel>
        <FormControl
          type="text"
        />
      </FormGroup>
      <FormGroup>
        <FormLabel
          column={false}
          srOnly={false}
        >
          Client Secret
        </FormLabel>
        <FormControl
          type="text"
        />
      </FormGroup>
      <FormGroup>
        <FormLabel
          column={false}
          srOnly={false}
        >
          Allowed Mobile Client IDs
        </FormLabel>
        <FormControl
          as="textarea"
          rows={3}
        />
        <FormText
          className="text-muted"
        >
          You can specify multiple valid client IDs by comma-separating them
        </FormText>
      </FormGroup>
      <Button
        active={false}
        disabled={false}
        variant="info"
      >
        Update
      </Button>
    </Col>
  </Row>
</Container>
`;
