// Jest Snapshot v1, https://goo.gl/fbAQLP

exports[`AppPreview Component should render AppPreview Component 1`] = `
<div
  className="appPreview"
>
  <Link
    to="/application/1"
  >
    <img
      alt="icon"
      className="appIcon"
      src="app-icon.svg"
    />
    <span
      className="appName"
    >
      App Name
    </span>
  </Link>
</div>
`;
