// Jest Snapshot v1, https://goo.gl/fbAQLP

exports[`AppList Component should render AppList Component 1`] = `
<ListGroup
  variant="flush"
>
  <ListGroupItem
    active={false}
    className="listItem"
    disabled={false}
    key="1"
  >
    <AppPreview
      name="Test1"
      url="applications/1"
    />
  </ListGroupItem>
  <ListGroupItem
    active={false}
    className="listItem"
    disabled={false}
    key="2"
  >
    <AppPreview
      name="Test2"
      url="applications/2"
    />
  </ListGroupItem>
</ListGroup>
`;
