// Jest Snapshot v1, https://goo.gl/fbAQLP

exports[`AppInfo Component should render AppInfo Component 1`] = `
<Fragment>
  <Row
    noGutters={false}
  >
    <Col>
      <h4>
        Basic Information
      </h4>
    </Col>
    <Col>
      <EditAppForm
        initialValues={
          Object {
            "id": 1,
            "name": "Test",
          }
        }
        onEdit={[Function]}
      />
    </Col>
  </Row>
</Fragment>
`;
