// Jest Snapshot v1, https://goo.gl/fbAQLP

exports[`CreateAppModal Component should render CreateAppModal Component 1`] = `
<Fragment>
  <Button
    active={false}
    data-test="open-modal"
    disabled={false}
    onClick={[Function]}
    variant="danger"
  >
    Create Application
  </Button>
  <Modal
    animation={true}
    autoFocus={true}
    backdrop={true}
    centered={true}
    dialogAs={
      Object {
        "$$typeof": Symbol(react.forward_ref),
        "render": [Function],
      }
    }
    enforceFocus={true}
    keyboard={true}
    onHide={[Function]}
    restoreFocus={true}
    show={false}
  >
    <Formik
      initialValues={
        Object {
          "name": "",
        }
      }
      onSubmit={[Function]}
      validationSchema={
        ObjectSchema {
          "_blacklist": ReferenceSet {
            "list": Set {},
            "refs": Map {},
          },
          "_blacklistError": undefined,
          "_excludedEdges": Array [],
          "_nodes": Array [
            "name",
          ],
          "_sortErrors": [Function],
          "_typeError": [Function],
          "_whitelist": ReferenceSet {
            "list": Set {},
            "refs": Map {},
          },
          "_whitelistError": undefined,
          "conditions": Array [],
          "deps": Array [],
          "exclusiveTests": Object {},
          "fields": Object {
            "name": StringSchema {
              "_blacklist": ReferenceSet {
                "list": Set {},
                "refs": Map {},
              },
              "_blacklistError": undefined,
              "_mutate": undefined,
              "_typeError": [Function],
              "_whitelist": ReferenceSet {
                "list": Set {},
                "refs": Map {},
              },
              "_whitelistError": undefined,
              "conditions": Array [],
              "deps": Array [],
              "exclusiveTests": Object {
                "max": true,
                "min": true,
                "required": true,
              },
              "spec": Object {
                "abortEarly": true,
                "nullable": false,
                "presence": "required",
                "recursive": true,
                "strict": false,
                "strip": false,
              },
              "tests": Array [
                [Function],
                [Function],
                [Function],
              ],
              "transforms": Array [
                [Function],
              ],
              "type": "string",
            },
          },
          "spec": Object {
            "abortEarly": true,
            "nullable": false,
            "presence": "optional",
            "recursive": true,
            "strict": false,
            "strip": false,
          },
          "tests": Array [],
          "transforms": Array [
            [Function],
          ],
          "type": "object",
        }
      }
    >
      <Component />
    </Formik>
  </Modal>
</Fragment>
`;
